
> concessionaria@0.1.0 build
> next build

  Ôû▓ Next.js 14.2.35

   Creating an optimized production build ...
npm : <w> [webpack.cache.PackFileCacheStrategy] Skipped not serializable cache item 'Compilation/modules|C:\Users\dimit
\Desktop\Informatica\CarSELL\concessionaria\node_modules\next\dist\build\webpack\loaders\css-loader\src\index.js??ruleS
et[1].rules[14].oneOf[12].use[2]!C:\Users\dimit\Desktop\Informatica\CarSELL\concessionaria\node_modules\next\dist\build
\webpack\loaders\postcss-loader\src\index.js??ruleSet[1].rules[14].oneOf[12].use[3]!C:\Users\dimit\Desktop\Informatica\
CarSELL\concessionaria\app\globals.css': No serializer registered for PostCSSSyntaxError
In riga:1 car:1
+ npm run build > build_output.log 2>&1
+ ~~~~~~~~~~~~~~~~~~~~~~~~~~~~~~~~~~~~~
    + CategoryInfo          : NotSpecified: (<w> [webpack.ca...tCSSSyntaxError:String) [], RemoteException
    + FullyQualifiedErrorId : NativeCommandError
 
<w> while serializing webpack/lib/cache/PackFileCacheStrategy.PackContentItems -> webpack/lib/NormalModule -> 
webpack/lib/ModuleBuildError -> PostCSSSyntaxError
Failed to compile.

./app/globals.css:84:5
Syntax error: C:\Users\dimit\Desktop\Informatica\CarSELL\concessionaria\app\globals.css The `border-white/8` class 
does not exist. If `border-white/8` is a custom class, make sure it is defined within a `@layer` directive.

 [90m 82 | [39m
 [90m 83 | [39m  [33m.surface-card[39m [33m{[39m
[1m[31m>[39m[22m[90m 84 | [39m    [36m@apply[39m bg-surface border border-white/8 rounded-xl[33m;[39m
 [90m    | [39m    [1m[31m^[39m[22m
 [90m 85 | [39m  [33m}[39m
 [90m 86 | [39m

./app/globals.css
Syntax error: C:\Users\dimit\Desktop\Informatica\CarSELL\concessionaria\app\globals.css The `border-white/8` class 
does not exist. If `border-white/8` is a custom class, make sure it is defined within a `@layer` directive. (84:5)

 [90m 82 | [39m
 [90m 83 | [39m  [33m.surface-card[39m [33m{[39m
[1m[31m>[39m[22m[90m 84 | [39m    [36m@apply[39m bg-surface border border-white/8 rounded-xl[33m;[39m
 [90m    | [39m    [1m[31m^[39m[22m
 [90m 85 | [39m  [33m}[39m
 [90m 86 | [39m

    at tryRunOrWebpackError (C:\Users\dimit\Desktop\Informatica\CarSELL\concessionaria\node_modules\next\dist\compiled\
webpack\bundle5.js:28:312989)
    at __webpack_require_module__ (C:\Users\dimit\Desktop\Informatica\CarSELL\concessionaria\node_modules\next\dist\com
piled\webpack\bundle5.js:28:131165)
    at __nested_webpack_require_153728__ (C:\Users\dimit\Desktop\Informatica\CarSELL\concessionaria\node_modules\next\d
ist\compiled\webpack\bundle5.js:28:130607)
    at 
C:\Users\dimit\Desktop\Informatica\CarSELL\concessionaria\node_modules\next\dist\compiled\webpack\bundle5.js:28:131454
    at symbolIterator 
(C:\Users\dimit\Desktop\Informatica\CarSELL\concessionaria\node_modules\next\dist\compiled\neo-async\async.js:1:14444)
    at done 
(C:\Users\dimit\Desktop\Informatica\CarSELL\concessionaria\node_modules\next\dist\compiled\neo-async\async.js:1:14824)
    at Hook.eval [as callAsync] (eval at create (C:\Users\dimit\Desktop\Informatica\CarSELL\concessionaria\node_modules
\next\dist\compiled\webpack\bundle5.js:13:28858), <anonymous>:15:1)
    at Hook.CALL_ASYNC_DELEGATE [as _callAsync] 
(C:\Users\dimit\Desktop\Informatica\CarSELL\concessionaria\node_modules\next\dist\compiled\webpack\bundle5.js:13:26012)
    at 
C:\Users\dimit\Desktop\Informatica\CarSELL\concessionaria\node_modules\next\dist\compiled\webpack\bundle5.js:28:130328
    at symbolIterator 
(C:\Users\dimit\Desktop\Informatica\CarSELL\concessionaria\node_modules\next\dist\compiled\neo-async\async.js:1:14402)
-- inner error --
Syntax error: C:\Users\dimit\Desktop\Informatica\CarSELL\concessionaria\app\globals.css The `border-white/8` class 
does not exist. If `border-white/8` is a custom class, make sure it is defined within a `@layer` directive. (84:5)

 [90m 82 | [39m
 [90m 83 | [39m  [33m.surface-card[39m [33m{[39m
[1m[31m>[39m[22m[90m 84 | [39m    [36m@apply[39m bg-surface border border-white/8 rounded-xl[33m;[39m
 [90m    | [39m    [1m[31m^[39m[22m
 [90m 85 | [39m  [33m}[39m
 [90m 86 | [39m

    at Object.<anonymous> (C:\Users\dimit\Desktop\Informatica\CarSELL\concessionaria\node_modules\next\dist\build\webpa
ck\loaders\css-loader\src\index.js??ruleSet[1].rules[14].oneOf[12].use[2]!C:\Users\dimit\Desktop\Informatica\CarSELL\co
ncessionaria\node_modules\next\dist\build\webpack\loaders\postcss-loader\src\index.js??ruleSet[1].rules[14].oneOf[12].u
se[3]!C:\Users\dimit\Desktop\Informatica\CarSELL\concessionaria\app\globals.css:1:7)
    at 
C:\Users\dimit\Desktop\Informatica\CarSELL\concessionaria\node_modules\next\dist\compiled\webpack\bundle5.js:28:922493
    at Hook.eval [as call] (eval at create (C:\Users\dimit\Desktop\Informatica\CarSELL\concessionaria\node_modules\next
\dist\compiled\webpack\bundle5.js:13:28636), <anonymous>:7:1)
    at Hook.CALL_DELEGATE [as _call] 
(C:\Users\dimit\Desktop\Informatica\CarSELL\concessionaria\node_modules\next\dist\compiled\webpack\bundle5.js:13:25906)
    at 
C:\Users\dimit\Desktop\Informatica\CarSELL\concessionaria\node_modules\next\dist\compiled\webpack\bundle5.js:28:131198
    at tryRunOrWebpackError (C:\Users\dimit\Desktop\Informatica\CarSELL\concessionaria\node_modules\next\dist\compiled\
webpack\bundle5.js:28:312943)
    at __webpack_require_module__ (C:\Users\dimit\Desktop\Informatica\CarSELL\concessionaria\node_modules\next\dist\com
piled\webpack\bundle5.js:28:131165)
    at __nested_webpack_require_153728__ (C:\Users\dimit\Desktop\Informatica\CarSELL\concessionaria\node_modules\next\d
ist\compiled\webpack\bundle5.js:28:130607)
    at 
C:\Users\dimit\Desktop\Informatica\CarSELL\concessionaria\node_modules\next\dist\compiled\webpack\bundle5.js:28:131454
    at symbolIterator 
(C:\Users\dimit\Desktop\Informatica\CarSELL\concessionaria\node_modules\next\dist\compiled\neo-async\async.js:1:14444)

Generated code for C:\Users\dimit\Desktop\Informatica\CarSELL\concessionaria\node_modules\next\dist\build\webpack\loade
rs\css-loader\src\index.js??ruleSet[1].rules[14].oneOf[12].use[2]!C:\Users\dimit\Desktop\Informatica\CarSELL\concession
aria\node_modules\next\dist\build\webpack\loaders\postcss-loader\src\index.js??ruleSet[1].rules[14].oneOf[12].use[3]!C:
\Users\dimit\Desktop\Informatica\CarSELL\concessionaria\app\globals.css

Import trace for requested module:
./app/globals.css


> Build failed because of webpack errors
